// Jest Snapshot v1, https://goo.gl/fbAQLP

exports[`should display the log level alert 1`] = `
<span
  className="alert alert-danger spacer-left"
>
  system.log_level.warning.short
</span>
`;

exports[`should render correctly 1`] = `
<BoxedGroupAccordion
  data="Foobar"
  onClick={[Function]}
  open={false}
  renderHeader={[Function]}
  title="Foobar"
/>
`;

exports[`should show a main section and multiple sub sections 1`] = `
<BoxedGroupAccordion
  data="Foobar"
  onClick={[Function]}
  open={true}
  renderHeader={[Function]}
  title="Foobar"
>
  <Section
    items={
      Object {
        "Name": "foo",
        "bar": "Bar",
      }
    }
  />
  <Section
    items={
      Object {
        "db": "test",
      }
    }
    key="Database"
    name="Database"
  />
  <Section
    items={
      Object {
        "Elastic": "search",
      }
    }
    key="Elasticseach"
    name="Elasticseach"
  />
</BoxedGroupAccordion>
`;
