// Jest Snapshot v1, https://goo.gl/fbAQLP

exports[`should render multiselect with selected elements 1`] = `
<div
  className="multi-select"
>
  <div
    className="menu-search"
  >
    <SearchBox
      autoFocus={true}
      className="little-spacer-top"
      onChange={[Function]}
      placeholder=""
      value=""
    />
  </div>
  <ul
    className="menu"
  >
    <MultiSelectOption
      active={true}
      element="bar"
      key="bar"
      onHover={[Function]}
      onSelectChange={[Function]}
      selected={true}
    />
  </ul>
</div>
`;

exports[`should render multiselect with selected elements 2`] = `
<div
  className="multi-select"
>
  <div
    className="menu-search"
  >
    <SearchBox
      autoFocus={true}
      className="little-spacer-top"
      onChange={[Function]}
      placeholder=""
      value=""
    />
  </div>
  <ul
    className="menu"
  >
    <MultiSelectOption
      active={true}
      element="bar"
      key="bar"
      onHover={[Function]}
      onSelectChange={[Function]}
      selected={true}
    />
    <MultiSelectOption
      active={false}
      element="foo"
      key="foo"
      onHover={[Function]}
      onSelectChange={[Function]}
    />
    <MultiSelectOption
      active={false}
      element="baz"
      key="baz"
      onHover={[Function]}
      onSelectChange={[Function]}
    />
  </ul>
</div>
`;

exports[`should render multiselect with selected elements 3`] = `
<div
  className="multi-select"
>
  <div
    className="menu-search"
  >
    <SearchBox
      autoFocus={true}
      className="little-spacer-top"
      onChange={[Function]}
      placeholder=""
      value=""
    />
  </div>
  <ul
    className="menu"
  >
    <MultiSelectOption
      active={false}
      element="bar"
      key="bar"
      onHover={[Function]}
      onSelectChange={[Function]}
      selected={true}
    />
    <MultiSelectOption
      active={false}
      element="foo"
      key="foo"
      onHover={[Function]}
      onSelectChange={[Function]}
    />
    <MultiSelectOption
      active={true}
      element="baz"
      key="baz"
      onHover={[Function]}
      onSelectChange={[Function]}
    />
  </ul>
</div>
`;

exports[`should render multiselect with selected elements 4`] = `
<div
  className="multi-select"
>
  <div
    className="menu-search"
  >
    <SearchBox
      autoFocus={true}
      className="little-spacer-top"
      onChange={[Function]}
      placeholder=""
      value="test"
    />
  </div>
  <ul
    className="menu"
  >
    <MultiSelectOption
      active={false}
      element="bar"
      key="bar"
      onHover={[Function]}
      onSelectChange={[Function]}
      selected={true}
    />
    <MultiSelectOption
      active={false}
      element="foo"
      key="foo"
      onHover={[Function]}
      onSelectChange={[Function]}
    />
    <MultiSelectOption
      active={true}
      element="baz"
      key="baz"
      onHover={[Function]}
      onSelectChange={[Function]}
    />
    <MultiSelectOption
      active={false}
      custom={true}
      element="test"
      key="test"
      onHover={[Function]}
      onSelectChange={[Function]}
    />
  </ul>
</div>
`;
