// Jest Snapshot v1, https://goo.gl/fbAQLP

exports[`should render with selected tags 1`] = `
<BubblePopup
  customClass="bubble-popup-bottom-right bubble-popup-menu abs-width-300"
  position={
    Object {
      "right": 0,
      "top": 0,
    }
  }
>
  <MultiSelect
    elements={
      Array [
        "foo",
        "bar",
        "baz",
      ]
    }
    listSize={10}
    loading={false}
    onSearch={[Function]}
    onSelect={[Function]}
    onUnselect={[Function]}
    placeholder="search.search_for_tags"
    selectedElements={
      Array [
        "bar",
      ]
    }
    validateSearchInput={[Function]}
  />
</BubblePopup>
`;

exports[`should render without tags at all 1`] = `
<BubblePopup
  customClass="bubble-popup-bottom-right bubble-popup-menu abs-width-300"
  position={
    Object {
      "right": 0,
      "top": 0,
    }
  }
>
  <MultiSelect
    elements={Array []}
    listSize={10}
    loading={false}
    onSearch={[Function]}
    onSelect={[Function]}
    onUnselect={[Function]}
    placeholder="search.search_for_tags"
    selectedElements={Array []}
    validateSearchInput={[Function]}
  />
</BubblePopup>
`;
