// Jest Snapshot v1, https://goo.gl/fbAQLP

exports[`should correctly display status message after checking license 1`] = `
<p
  className="alert alert-success"
>
  marketplace.license_preview_status.NO_INSTALL.Foo
</p>
`;

exports[`should correctly display status message after checking license 2`] = `
<p
  className="alert alert-warning"
>
  marketplace.license_preview_status.AUTOMATIC_INSTALL.Foo
</p>
`;

exports[`should correctly display status message after checking license 3`] = `
<p
  className="alert alert-danger"
>
  marketplace.license_preview_status.MANUAL_INSTALL.Foo
</p>
`;

exports[`should correctly display status message after checking license 4`] = `
<p
  className="alert alert-danger"
>
  marketplace.wrong_license_type_x.Foo
</p>
`;

exports[`should correctly display status message after checking license 5`] = `
<p
  className="alert alert-danger"
>
  marketplace.wrong_license_type
</p>
`;

exports[`should display correctly 1`] = `
<div>
  <label
    className="display-inline-block spacer-bottom"
    htmlFor="set-license"
  >
    marketplace.enter_license_for_x.Foo
    <em
      className="mandatory"
    >
      *
    </em>
  </label>
  <textarea
    autoFocus={true}
    className="display-block input-super-large"
    id="set-license"
    onChange={[Function]}
    required={true}
    rows={8}
    style={
      Object {
        "resize": "none",
      }
    }
    value=""
  />
  <DeferredSpinner
    customSpinner={
      <p
        className="spacer-top"
      >
        <i
          className="spinner spacer-right text-bottom"
        />
        marketplace.checking_license
      </p>
    }
    loading={false}
    timeout={100}
  >
    <div
      className="spacer-top"
    >
      <a
        href="license_url"
        target="_blank"
      >
        marketplace.i_need_a_license
      </a>
    </div>
  </DeferredSpinner>
</div>
`;

exports[`should display the get license link with parameters 1`] = `
<a
  href="license_url?serverId=foo&ncloc=1000"
  target="_blank"
>
  marketplace.i_need_a_license
</a>
`;
