// Jest Snapshot v1, https://goo.gl/fbAQLP

exports[`should render tags popup correctly 1`] = `
<TagsSelector
  listSize={10}
  loading={true}
  onSearch={[Function]}
  onSelect={[Function]}
  onUnselect={[Function]}
  position={Object {}}
  selectedTags={
    Array [
      "mytag",
    ]
  }
  tags={
    Array [
      "mytag",
      "test",
      "second",
    ]
  }
/>
`;
